{
    "fcsgx_report_2_table - two reports, one clean": {
        "content": [
            {
                "0": [
                    [
                        {
                            "id": "test"
                        },
                        "test.tsv:md5,86cccb562b521d064f9055c68d45836d"
                    ]
                ],
                "1": [
                    [
                        "FCSGX_REPORT_2_TABLE",
                        "python",
                        "3.9.5"
                    ]
                ],
                "table": [
                    [
                        {
                            "id": "test"
                        },
                        "test.tsv:md5,86cccb562b521d064f9055c68d45836d"
                    ]
                ],
                "versions_python": [
                    [
                        "FCSGX_REPORT_2_TABLE",
                        "python",
                        "3.9.5"
                    ]
                ]
            }
        ],
        "timestamp": "2026-08-13T11:20:44.401924",
        "meta": {
            "nf-test": "0.9.5",
            "nextflow": "26.04.6"
        }
    },
    "fcsgx_report_2_table - two reports, one clean - stub": {
        "content": [
            {
                "0": [
                    [
                        {
                            "id": "test"
                        },
                        "test.tsv:md5,d41d8cd98f00b204e9800998ecf8427e"
                    ]
                ],
                "1": [
                    [
                        "FCSGX_REPORT_2_TABLE",
                        "python",
                        "3.9.5"
                    ]
                ],
                "table": [
                    [
                        {
                            "id": "test"
                        },
                        "test.tsv:md5,d41d8cd98f00b204e9800998ecf8427e"
                    ]
                ],
                "versions_python": [
                    [
                        "FCSGX_REPORT_2_TABLE",
                        "python",
                        "3.9.5"
                    ]
                ]
            }
        ],
        "timestamp": "2026-08-13T11:20:48.230452",
        "meta": {
            "nf-test": "0.9.5",
            "nextflow": "26.04.6"
        }
    }
}