{
    "createpath - accession - stub": {
        "content": [
            {
                "0": [
                    [
                        {
                            "id": "test",
                            "ncbi": "refseq"
                        },
                        "test.txt:md5,d41d8cd98f00b204e9800998ecf8427e"
                    ]
                ],
                "1": [
                    [
                        "CREATEPATH",
                        "bash",
                        "GNU bash, version 5.0.3(1)-release (x86_64-pc-linux-gnu)"
                    ]
                ],
                "accession": [
                    [
                        {
                            "id": "test",
                            "ncbi": "refseq"
                        },
                        "test.txt:md5,d41d8cd98f00b204e9800998ecf8427e"
                    ]
                ],
                "versions_bash": [
                    [
                        "CREATEPATH",
                        "bash",
                        "GNU bash, version 5.0.3(1)-release (x86_64-pc-linux-gnu)"
                    ]
                ]
            }
        ],
        "timestamp": "2026-08-10T22:34:18.112215",
        "meta": {
            "nf-test": "0.9.5",
            "nextflow": "25.10.4"
        }
    },
    "createpath - accession": {
        "content": [
            {
                "0": [
                    [
                        {
                            "id": "test",
                            "ncbi": "refseq"
                        },
                        "test.txt:md5,04428b4fe5944113421ab52e5373e278"
                    ]
                ],
                "1": [
                    [
                        "CREATEPATH",
                        "bash",
                        "GNU bash, version 5.0.3(1)-release (x86_64-pc-linux-gnu)"
                    ]
                ],
                "accession": [
                    [
                        {
                            "id": "test",
                            "ncbi": "refseq"
                        },
                        "test.txt:md5,04428b4fe5944113421ab52e5373e278"
                    ]
                ],
                "versions_bash": [
                    [
                        "CREATEPATH",
                        "bash",
                        "GNU bash, version 5.0.3(1)-release (x86_64-pc-linux-gnu)"
                    ]
                ]
            }
        ],
        "timestamp": "2026-08-10T22:34:10.360587",
        "meta": {
            "nf-test": "0.9.5",
            "nextflow": "25.10.4"
        }
    }
}