{
    "hite - tiny genome - zero TEs found - stub": {
        "content": [
            {
                "0": [
                    [
                        {
                            "id": "test"
                        },
                        [
                            "test.tbl:md5,d41d8cd98f00b204e9800998ecf8427e"
                        ]
                    ]
                ],
                "1": [
                    [
                        {
                            "id": "test"
                        },
                        "test.tbl:md5,d41d8cd98f00b204e9800998ecf8427e"
                    ]
                ],
                "2": [
                    "versions.yml:md5,d41d8cd98f00b204e9800998ecf8427e"
                ],
                "hite_results": [
                    [
                        {
                            "id": "test"
                        },
                        [
                            "test.tbl:md5,d41d8cd98f00b204e9800998ecf8427e"
                        ]
                    ]
                ],
                "tbl": [
                    [
                        {
                            "id": "test"
                        },
                        "test.tbl:md5,d41d8cd98f00b204e9800998ecf8427e"
                    ]
                ],
                "versions": [
                    "versions.yml:md5,d41d8cd98f00b204e9800998ecf8427e"
                ]
            }
        ],
        "timestamp": "2026-08-07T13:00:56.510869",
        "meta": {
            "nf-test": "0.9.4",
            "nextflow": "25.10.4"
        }
    }
}