{
    "shiny_app - tables and tree - stub": {
        "content": [
            {
                "0": [
                    [
                        {
                            "id": "test"
                        },
                        "shiny_app.sh:md5,d41d8cd98f00b204e9800998ecf8427e"
                    ]
                ],
                "1": [
                    [
                        "shiny_app.sh:md5,d41d8cd98f00b204e9800998ecf8427e"
                    ]
                ],
                "2": [
                    [
                        "SHINY_APP",
                        "cat",
                        "8.32"
                    ]
                ],
                "shiny_app": [
                    [
                        {
                            "id": "test"
                        },
                        "shiny_app.sh:md5,d41d8cd98f00b204e9800998ecf8427e"
                    ]
                ],
                "shiny_app_files": [
                    [
                        "shiny_app.sh:md5,d41d8cd98f00b204e9800998ecf8427e"
                    ]
                ],
                "versions_shiny": [
                    [
                        "SHINY_APP",
                        "cat",
                        "8.32"
                    ]
                ]
            }
        ],
        "timestamp": "2026-08-07T10:06:19.163963",
        "meta": {
            "nf-test": "0.9.4",
            "nextflow": "25.10.4"
        }
    },
    "shiny_app - tables and tree": {
        "content": [
            {
                "0": [
                    [
                        {
                            "id": "test"
                        },
                        "shiny_app.sh:md5,22a40a6c11369dc37bbdc4a400b1c366"
                    ]
                ],
                "1": [
                    [
                        "shiny_app.R:md5,02f3d1faf79d22d6160c0ce3eff6114d",
                        "shiny_app.sh:md5,22a40a6c11369dc37bbdc4a400b1c366",
                        "test.tsv:md5,f7b71340c1bc3467eac0921c5dd1db44",
                        "tree.nw:md5,ff8e67b1d74ea48c5012812b6e39f066",
                        "tree_functions.R:md5,89ee160ed862cf9511fd1469fde36e37"
                    ]
                ],
                "2": [
                    [
                        "SHINY_APP",
                        "cat",
                        "8.32"
                    ]
                ],
                "shiny_app": [
                    [
                        {
                            "id": "test"
                        },
                        "shiny_app.sh:md5,22a40a6c11369dc37bbdc4a400b1c366"
                    ]
                ],
                "shiny_app_files": [
                    [
                        "shiny_app.R:md5,02f3d1faf79d22d6160c0ce3eff6114d",
                        "shiny_app.sh:md5,22a40a6c11369dc37bbdc4a400b1c366",
                        "test.tsv:md5,f7b71340c1bc3467eac0921c5dd1db44",
                        "tree.nw:md5,ff8e67b1d74ea48c5012812b6e39f066",
                        "tree_functions.R:md5,89ee160ed862cf9511fd1469fde36e37"
                    ]
                ],
                "versions_shiny": [
                    [
                        "SHINY_APP",
                        "cat",
                        "8.32"
                    ]
                ]
            }
        ],
        "timestamp": "2026-08-14T13:53:35.323173182",
        "meta": {
            "nf-test": "0.9.5",
            "nextflow": "26.04.6"
        }
    }
}