{
    "te_tbl_2_table - single tbl - stub": {
        "content": [
            {
                "0": [
                    [
                        {
                            "id": "test"
                        },
                        "test.tsv:md5,d41d8cd98f00b204e9800998ecf8427e"
                    ]
                ],
                "table": [
                    [
                        {
                            "id": "test"
                        },
                        "test.tsv:md5,d41d8cd98f00b204e9800998ecf8427e"
                    ]
                ]
            }
        ],
        "timestamp": "2026-08-07T08:54:40.090203",
        "meta": {
            "nf-test": "0.9.4",
            "nextflow": "25.10.4"
        }
    },
    "te_tbl_2_table - single tbl": {
        "content": [
            {
                "0": [
                    [
                        {
                            "id": "test"
                        },
                        "test.tsv:md5,d1a2ef89539d08810b84edc490a163fd"
                    ]
                ],
                "table": [
                    [
                        {
                            "id": "test"
                        },
                        "test.tsv:md5,d1a2ef89539d08810b84edc490a163fd"
                    ]
                ]
            }
        ],
        "timestamp": "2026-08-07T08:54:23.382924",
        "meta": {
            "nf-test": "0.9.4",
            "nextflow": "25.10.4"
        }
    }
}